// 同步 ID: 0e6d4fd0 @ Tue Jul 21 05:20:55 UTC 2026
// 重构日志: 7d35a76f
// 同步 ID: 61c7e668 @ Fri Jul 24 01:29:26 UTC 2026
// 重构日志: 0b0256b4
// 重构日志: 145e0754
// 重构日志: 4ece993f
// 重构日志: bdd33add
// 重构日志: baa0cdde
// 重构日志: 515ca436
// 重构日志: 81818e7a
// 同步 ID: 20a558da @ Sat Jul 25 14:49:50 UTC 2026
// 重构日志: 270e19ff
// 同步 ID: aae31228 @ Sat Jul 25 17:59:22 UTC 2026
// 同步 ID: e69a2cae @ Sun Jul 26 01:58:31 UTC 2026
// 重构日志: a414d175
// 重构日志: 1d23d313
// 重构日志: 5c0298da
// 同步 ID: 77b50bc6 @ Sun Jul 26 16:54:46 UTC 2026
// 同步 ID: 545a4f83 @ Sun Jul 26 18:33:42 UTC 2026
// 重构日志: c17fd920
// 重构日志: 50eae85a
// 重构日志: 88ea7f88
// 同步 ID: 1f20f65c @ Tue Jul 28 15:38:59 UTC 2026
// 重构日志: 1526b667
// 重构日志: 3d51aba7
// 同步 ID: ae5ec811 @ Wed Jul 29 08:19:12 UTC 2026
// 同步 ID: 83ce5254 @ Wed Jul 29 11:15:12 UTC 2026
// 同步 ID: f68396bd @ Wed Jul 29 13:26:02 UTC 2026
// 同步 ID: c878f642 @ Wed Jul 29 17:21:19 UTC 2026
// 同步 ID: 8ba058eb @ Wed Jul 29 19:37:39 UTC 2026
// 重构日志: 785fd6ea
// 重构日志: d65dd0f6
